C51 COMPILER V9.54   NIXIE_TUBE                                                            11/30/2020 13:04:00 PAGE 1   


C51 COMPILER V9.54, COMPILATION OF MODULE NIXIE_TUBE
OBJECT MODULE PLACED IN .\Objects\nixie_tube.obj
COMPILER INVOKED BY: E:\keil 5 mdk\C51\BIN\C51.EXE nixie_tube.c OPTIMIZE(8,SPEED) BROWSE DEBUG OBJECTEXTEND PRINT(.\List
                    -ings\nixie_tube.lst) OBJECT(.\Objects\nixie_tube.obj)

line level    source

   1          /*8段共阳极数码管驱动-动态
   2          **@CTBU^Shy^
   3          **$version:v1.0
   4          **#chinese_coding_standard:GB2312
   5          */
   6          #include "nixie_tube.h"
   7          #include <intrins.h>
   8          #include <reg52.h>
   9          //***********************************************************************
  10          #define  data_port    P1    //数据传送端口
  11          
  12          sbit dat_latch = P0^0;          //74hc573锁存端
  13          sbit position_latch = P0^1; //74hc573锁存端
  14          
  15          //***********************************************************************
  16          /*1ms延时
  17          **void
  18          */
  19          void delay200us()                                       //@12.000MHz
  20          {
  21   1              unsigned char i, j;
  22   1              i = 2;
  23   1              j = 39;
  24   1              do
  25   1              {
  26   2                      while (--j);
  27   2              } while (--i);
  28   1      }
  29          //***********************************************************************
  30          /*8段共阳极数码管显示
  31          **position:0-7位选 seg_dat:共阳极断码
  32          */
  33          void single_tube_display(unsigned char position,unsigned char seg_dat)
  34          {
  35   1              data_port = 0x01<<position; //位选数据
  36   1              position_latch = 1;
  37   1              position_latch = 0;
  38   1              
  39   1              data_port = seg_dat;            //断码数据
  40   1              dat_latch = 1;
  41   1              dat_latch = 0;
  42   1              delay200us();                           //保证亮度
  43   1              delay200us();                           //保证亮度
  44   1              
  45   1              data_port = 0xff;                       //消隐
  46   1              dat_latch = 1;
  47   1              dat_latch = 0;
  48   1      }
  49          


MODULE INFORMATION:   STATIC OVERLAYABLE
   CODE SIZE        =     46    ----
   CONSTANT SIZE    =   ----    ----
C51 COMPILER V9.54   NIXIE_TUBE                                                            11/30/2020 13:04:00 PAGE 2   

   XDATA SIZE       =   ----    ----
   PDATA SIZE       =   ----    ----
   DATA SIZE        =   ----    ----
   IDATA SIZE       =   ----    ----
   BIT SIZE         =   ----    ----
END OF MODULE INFORMATION.


C51 COMPILATION COMPLETE.  0 WARNING(S),  0 ERROR(S)
